# testkit dt perf baseline
testkit.add.threads=4.000
testkit.add.threads=4.ops_per_sec=35196.667
testkit.add.threads=4.p99_us=346.993
testkit.echo_0B.threads=4.000
testkit.echo_0B.threads=4.ops_per_sec=18270.000
testkit.echo_0B.threads=4.p99_us=224.669
testkit.echo_4KB.threads=4.000
testkit.echo_4KB.threads=4.ops_per_sec=21638.667
testkit.echo_4KB.threads=4.p99_us=159.232
